// Jest Snapshot v1, https://goo.gl/fbAQLP

exports[`test LITPureComponent 1`] = `null`;
